C:\Users\ACER\Documents\GitHub\PokemonGUITesting\Driver.java
C:\Users\ACER\Documents\GitHub\PokemonGUITesting\MyController\GameController.java
C:\Users\ACER\Documents\GitHub\PokemonGUITesting\MyModel\ClearScreen.java
C:\Users\ACER\Documents\GitHub\PokemonGUITesting\MyModel\CreatureModel.java
C:\Users\ACER\Documents\GitHub\PokemonGUITesting\MyModel\GameModel.java
C:\Users\ACER\Documents\GitHub\PokemonGUITesting\MyViews\AreaView.java
C:\Users\ACER\Documents\GitHub\PokemonGUITesting\MyViews\BattleView.java
C:\Users\ACER\Documents\GitHub\PokemonGUITesting\MyViews\ChooseStartersView.java
C:\Users\ACER\Documents\GitHub\PokemonGUITesting\MyViews\EvolveView.java
C:\Users\ACER\Documents\GitHub\PokemonGUITesting\MyViews\ExploreView.java
C:\Users\ACER\Documents\GitHub\PokemonGUITesting\MyViews\InventoryView.java
C:\Users\ACER\Documents\GitHub\PokemonGUITesting\MyViews\MainView.java
C:\Users\ACER\Documents\GitHub\PokemonGUITesting\MyViews\PlayView.java
C:\Users\ACER\Documents\GitHub\PokemonGUITesting\MyViews\StartView.java
C:\Users\ACER\Documents\GitHub\PokemonGUITesting\SimpleGUI\MyController.java
C:\Users\ACER\Documents\GitHub\PokemonGUITesting\SimpleGUI\SimpleView.java
